Archive member included because of file (symbol)

/usr/local/Cellar/pebble-sdk/3.2/Pebble/aplite/lib/libpebble.a(tmp124RGvpebble.o)
                              src/main.c.24.o (app_event_loop)

Allocating common symbols
Common symbol       size              file

b2                  0x4               src/craft.c.24.o
c2                  0x4               src/craft.c.24.o
b1                  0x4               src/craft.c.24.o
a1                  0x4               src/craft.c.24.o
a3                  0x4               src/craft.c.24.o
craft_recipe        0xce              src/craft.c.24.o
c1                  0x4               src/craft.c.24.o
a2                  0x4               src/craft.c.24.o
key                 0x4               src/craft.c.24.o
b3                  0x4               src/craft.c.24.o
c3                  0x4               src/craft.c.24.o
current_recipe      0xce              src/main.c.24.o
category_recipes    0x283c            src/category_window.c.24.o
craft_window        0x4               src/craft.c.24.o

Discarded input sections

 .text          0x0000000000000000        0x0 /usr/local/Cellar/pebble-toolchain/2.0/arm-cs-tools/bin/../lib/gcc/arm-none-eabi/4.7.2/thumb2/crti.o
 .bss           0x0000000000000000        0x0 /usr/local/Cellar/pebble-toolchain/2.0/arm-cs-tools/bin/../lib/gcc/arm-none-eabi/4.7.2/thumb2/crti.o
 .init          0x0000000000000000        0x4 /usr/local/Cellar/pebble-toolchain/2.0/arm-cs-tools/bin/../lib/gcc/arm-none-eabi/4.7.2/thumb2/crti.o
 .fini          0x0000000000000000        0x4 /usr/local/Cellar/pebble-toolchain/2.0/arm-cs-tools/bin/../lib/gcc/arm-none-eabi/4.7.2/thumb2/crti.o
 .text          0x0000000000000000       0xc8 /usr/local/Cellar/pebble-toolchain/2.0/arm-cs-tools/bin/../lib/gcc/arm-none-eabi/4.7.2/thumb2/crtbegin.o
 .bss           0x0000000000000000       0x1c /usr/local/Cellar/pebble-toolchain/2.0/arm-cs-tools/bin/../lib/gcc/arm-none-eabi/4.7.2/thumb2/crtbegin.o
 .init_array    0x0000000000000000        0x4 /usr/local/Cellar/pebble-toolchain/2.0/arm-cs-tools/bin/../lib/gcc/arm-none-eabi/4.7.2/thumb2/crtbegin.o
 .fini_array    0x0000000000000000        0x4 /usr/local/Cellar/pebble-toolchain/2.0/arm-cs-tools/bin/../lib/gcc/arm-none-eabi/4.7.2/thumb2/crtbegin.o
 .eh_frame      0x0000000000000000        0x0 /usr/local/Cellar/pebble-toolchain/2.0/arm-cs-tools/bin/../lib/gcc/arm-none-eabi/4.7.2/thumb2/crtbegin.o
 .jcr           0x0000000000000000        0x0 /usr/local/Cellar/pebble-toolchain/2.0/arm-cs-tools/bin/../lib/gcc/arm-none-eabi/4.7.2/thumb2/crtbegin.o
 .tm_clone_table
                0x0000000000000000        0x0 /usr/local/Cellar/pebble-toolchain/2.0/arm-cs-tools/bin/../lib/gcc/arm-none-eabi/4.7.2/thumb2/crtbegin.o
 .text          0x0000000000000000        0x0 src/category_window.c.24.o
 .bss           0x0000000000000000        0x0 src/category_window.c.24.o
 .text          0x0000000000000000        0x0 src/craft.c.24.o
 .bss           0x0000000000000000        0x0 src/craft.c.24.o
 .text          0x0000000000000000        0x0 src/main.c.24.o
 .bss           0x0000000000000000        0x0 src/main.c.24.o
 .text          0x0000000000000000        0x0 aplite/appinfo.auto.c.24.o
 .bss           0x0000000000000000        0x0 aplite/appinfo.auto.c.24.o
 .bss           0x0000000000000000        0x0 /usr/local/Cellar/pebble-sdk/3.2/Pebble/aplite/lib/libpebble.a(tmp124RGvpebble.o)
 .text.accel_data_service_subscribe__deprecated
                0x0000000000000000        0xc /usr/local/Cellar/pebble-sdk/3.2/Pebble/aplite/lib/libpebble.a(tmp124RGvpebble.o)
 .text.accel_data_service_unsubscribe
                0x0000000000000000        0xc /usr/local/Cellar/pebble-sdk/3.2/Pebble/aplite/lib/libpebble.a(tmp124RGvpebble.o)
 .text.accel_service_peek
                0x0000000000000000        0xc /usr/local/Cellar/pebble-sdk/3.2/Pebble/aplite/lib/libpebble.a(tmp124RGvpebble.o)
 .text.accel_service_set_samples_per_update
                0x0000000000000000        0xc /usr/local/Cellar/pebble-sdk/3.2/Pebble/aplite/lib/libpebble.a(tmp124RGvpebble.o)
 .text.accel_service_set_sampling_rate
                0x0000000000000000        0xc /usr/local/Cellar/pebble-sdk/3.2/Pebble/aplite/lib/libpebble.a(tmp124RGvpebble.o)
 .text.accel_tap_service_subscribe
                0x0000000000000000        0xc /usr/local/Cellar/pebble-sdk/3.2/Pebble/aplite/lib/libpebble.a(tmp124RGvpebble.o)
 .text.accel_tap_service_unsubscribe
                0x0000000000000000        0xc /usr/local/Cellar/pebble-sdk/3.2/Pebble/aplite/lib/libpebble.a(tmp124RGvpebble.o)
 .text.action_bar_layer_add_to_window
                0x0000000000000000        0xc /usr/local/Cellar/pebble-sdk/3.2/Pebble/aplite/lib/libpebble.a(tmp124RGvpebble.o)
 .text.action_bar_layer_clear_icon
                0x0000000000000000        0xc /usr/local/Cellar/pebble-sdk/3.2/Pebble/aplite/lib/libpebble.a(tmp124RGvpebble.o)
 .text.action_bar_layer_create
                0x0000000000000000        0xc /usr/local/Cellar/pebble-sdk/3.2/Pebble/aplite/lib/libpebble.a(tmp124RGvpebble.o)
 .text.action_bar_layer_destroy
                0x0000000000000000        0xc /usr/local/Cellar/pebble-sdk/3.2/Pebble/aplite/lib/libpebble.a(tmp124RGvpebble.o)
 .text.action_bar_layer_get_layer
                0x0000000000000000        0xc /usr/local/Cellar/pebble-sdk/3.2/Pebble/aplite/lib/libpebble.a(tmp124RGvpebble.o)
 .text.action_bar_layer_remove_from_window
                0x0000000000000000        0xc /usr/local/Cellar/pebble-sdk/3.2/Pebble/aplite/lib/libpebble.a(tmp124RGvpebble.o)
 .text.action_bar_layer_set_background_color
                0x0000000000000000        0xc /usr/local/Cellar/pebble-sdk/3.2/Pebble/aplite/lib/libpebble.a(tmp124RGvpebble.o)
 .text.action_bar_layer_set_click_config_provider
                0x0000000000000000        0xc /usr/local/Cellar/pebble-sdk/3.2/Pebble/aplite/lib/libpebble.a(tmp124RGvpebble.o)
 .text.action_bar_layer_set_context
                0x0000000000000000        0xc /usr/local/Cellar/pebble-sdk/3.2/Pebble/aplite/lib/libpebble.a(tmp124RGvpebble.o)
 .text.action_bar_layer_set_icon
                0x0000000000000000        0xc /usr/local/Cellar/pebble-sdk/3.2/Pebble/aplite/lib/libpebble.a(tmp124RGvpebble.o)
 .text.animation_create
                0x0000000000000000        0xc /usr/local/Cellar/pebble-sdk/3.2/Pebble/aplite/lib/libpebble.a(tmp124RGvpebble.o)
 .text.animation_destroy
                0x0000000000000000        0xc /usr/local/Cellar/pebble-sdk/3.2/Pebble/aplite/lib/libpebble.a(tmp124RGvpebble.o)
 .text.animation_get_context
                0x0000000000000000        0xc /usr/local/Cellar/pebble-sdk/3.2/Pebble/aplite/lib/libpebble.a(tmp124RGvpebble.o)
 .text.animation_is_scheduled
                0x0000000000000000        0xc /usr/local/Cellar/pebble-sdk/3.2/Pebble/aplite/lib/libpebble.a(tmp124RGvpebble.o)
 .text.animation_schedule
                0x0000000000000000        0xc /usr/local/Cellar/pebble-sdk/3.2/Pebble/aplite/lib/libpebble.a(tmp124RGvpebble.o)
 .text.animation_set_curve
                0x0000000000000000        0xc /usr/local/Cellar/pebble-sdk/3.2/Pebble/aplite/lib/libpebble.a(tmp124RGvpebble.o)
 .text.animation_set_delay
                0x0000000000000000        0xc /usr/local/Cellar/pebble-sdk/3.2/Pebble/aplite/lib/libpebble.a(tmp124RGvpebble.o)
 .text.animation_set_duration
                0x0000000000000000        0xc /usr/local/Cellar/pebble-sdk/3.2/Pebble/aplite/lib/libpebble.a(tmp124RGvpebble.o)
 .text.animation_set_handlers
                0x0000000000000000        0xc /usr/local/Cellar/pebble-sdk/3.2/Pebble/aplite/lib/libpebble.a(tmp124RGvpebble.o)
 .text.animation_set_implementation
                0x0000000000000000        0xc /usr/local/Cellar/pebble-sdk/3.2/Pebble/aplite/lib/libpebble.a(tmp124RGvpebble.o)
 .text.animation_unschedule
                0x0000000000000000        0xc /usr/local/Cellar/pebble-sdk/3.2/Pebble/aplite/lib/libpebble.a(tmp124RGvpebble.o)
 .text.animation_unschedule_all
                0x0000000000000000        0xc /usr/local/Cellar/pebble-sdk/3.2/Pebble/aplite/lib/libpebble.a(tmp124RGvpebble.o)
 .text.app_comm_get_sniff_interval
                0x0000000000000000        0xc /usr/local/Cellar/pebble-sdk/3.2/Pebble/aplite/lib/libpebble.a(tmp124RGvpebble.o)
 .text.app_comm_set_sniff_interval
                0x0000000000000000        0xc /usr/local/Cellar/pebble-sdk/3.2/Pebble/aplite/lib/libpebble.a(tmp124RGvpebble.o)
 .text.app_message_deregister_callbacks
                0x0000000000000000        0xc /usr/local/Cellar/pebble-sdk/3.2/Pebble/aplite/lib/libpebble.a(tmp124RGvpebble.o)
 .text.app_sync_deinit
                0x0000000000000000        0xc /usr/local/Cellar/pebble-sdk/3.2/Pebble/aplite/lib/libpebble.a(tmp124RGvpebble.o)
 .text.app_sync_get
                0x0000000000000000        0xc /usr/local/Cellar/pebble-sdk/3.2/Pebble/aplite/lib/libpebble.a(tmp124RGvpebble.o)
 .text.app_sync_init
                0x0000000000000000        0xc /usr/local/Cellar/pebble-sdk/3.2/Pebble/aplite/lib/libpebble.a(tmp124RGvpebble.o)
 .text.app_sync_set
                0x0000000000000000        0xc /usr/local/Cellar/pebble-sdk/3.2/Pebble/aplite/lib/libpebble.a(tmp124RGvpebble.o)
 .text.app_timer_cancel
                0x0000000000000000        0xc /usr/local/Cellar/pebble-sdk/3.2/Pebble/aplite/lib/libpebble.a(tmp124RGvpebble.o)
 .text.app_timer_register
                0x0000000000000000        0xc /usr/local/Cellar/pebble-sdk/3.2/Pebble/aplite/lib/libpebble.a(tmp124RGvpebble.o)
 .text.app_timer_reschedule
                0x0000000000000000        0xc /usr/local/Cellar/pebble-sdk/3.2/Pebble/aplite/lib/libpebble.a(tmp124RGvpebble.o)
 .text.atan2_lookup
                0x0000000000000000        0xc /usr/local/Cellar/pebble-sdk/3.2/Pebble/aplite/lib/libpebble.a(tmp124RGvpebble.o)
 .text.atoi     0x0000000000000000        0xc /usr/local/Cellar/pebble-sdk/3.2/Pebble/aplite/lib/libpebble.a(tmp124RGvpebble.o)
 .text.atol     0x0000000000000000        0xc /usr/local/Cellar/pebble-sdk/3.2/Pebble/aplite/lib/libpebble.a(tmp124RGvpebble.o)
 .text.battery_state_service_peek
                0x0000000000000000        0xc /usr/local/Cellar/pebble-sdk/3.2/Pebble/aplite/lib/libpebble.a(tmp124RGvpebble.o)
 .text.battery_state_service_subscribe
                0x0000000000000000        0xc /usr/local/Cellar/pebble-sdk/3.2/Pebble/aplite/lib/libpebble.a(tmp124RGvpebble.o)
 .text.battery_state_service_unsubscribe
                0x0000000000000000        0xc /usr/local/Cellar/pebble-sdk/3.2/Pebble/aplite/lib/libpebble.a(tmp124RGvpebble.o)
 .text.bitmap_layer_set_alignment
                0x0000000000000000        0xc /usr/local/Cellar/pebble-sdk/3.2/Pebble/aplite/lib/libpebble.a(tmp124RGvpebble.o)
 .text.bitmap_layer_set_background_color
                0x0000000000000000        0xc /usr/local/Cellar/pebble-sdk/3.2/Pebble/aplite/lib/libpebble.a(tmp124RGvpebble.o)
 .text.bitmap_layer_set_compositing_mode
                0x0000000000000000        0xc /usr/local/Cellar/pebble-sdk/3.2/Pebble/aplite/lib/libpebble.a(tmp124RGvpebble.o)
 .text.bluetooth_connection_service_peek
                0x0000000000000000        0xc /usr/local/Cellar/pebble-sdk/3.2/Pebble/aplite/lib/libpebble.a(tmp124RGvpebble.o)
 .text.bluetooth_connection_service_subscribe
                0x0000000000000000        0xc /usr/local/Cellar/pebble-sdk/3.2/Pebble/aplite/lib/libpebble.a(tmp124RGvpebble.o)
 .text.bluetooth_connection_service_unsubscribe
                0x0000000000000000        0xc /usr/local/Cellar/pebble-sdk/3.2/Pebble/aplite/lib/libpebble.a(tmp124RGvpebble.o)
 .text.click_number_of_clicks_counted
                0x0000000000000000        0xc /usr/local/Cellar/pebble-sdk/3.2/Pebble/aplite/lib/libpebble.a(tmp124RGvpebble.o)
 .text.click_recognizer_get_button_id
                0x0000000000000000        0xc /usr/local/Cellar/pebble-sdk/3.2/Pebble/aplite/lib/libpebble.a(tmp124RGvpebble.o)
 .text.clock_copy_time_string
                0x0000000000000000        0xc /usr/local/Cellar/pebble-sdk/3.2/Pebble/aplite/lib/libpebble.a(tmp124RGvpebble.o)
 .text.clock_is_24h_style
                0x0000000000000000        0xc /usr/local/Cellar/pebble-sdk/3.2/Pebble/aplite/lib/libpebble.a(tmp124RGvpebble.o)
 .text.cos_lookup
                0x0000000000000000        0xc /usr/local/Cellar/pebble-sdk/3.2/Pebble/aplite/lib/libpebble.a(tmp124RGvpebble.o)
 .text.data_logging_create
                0x0000000000000000        0xc /usr/local/Cellar/pebble-sdk/3.2/Pebble/aplite/lib/libpebble.a(tmp124RGvpebble.o)
 .text.data_logging_finish
                0x0000000000000000        0xc /usr/local/Cellar/pebble-sdk/3.2/Pebble/aplite/lib/libpebble.a(tmp124RGvpebble.o)
 .text.data_logging_log
                0x0000000000000000        0xc /usr/local/Cellar/pebble-sdk/3.2/Pebble/aplite/lib/libpebble.a(tmp124RGvpebble.o)
 .text.dict_calc_buffer_size
                0x0000000000000000        0xc /usr/local/Cellar/pebble-sdk/3.2/Pebble/aplite/lib/libpebble.a(tmp124RGvpebble.o)
 .text.dict_calc_buffer_size_from_tuplets
                0x0000000000000000        0xc /usr/local/Cellar/pebble-sdk/3.2/Pebble/aplite/lib/libpebble.a(tmp124RGvpebble.o)
 .text.dict_find
                0x0000000000000000        0xc /usr/local/Cellar/pebble-sdk/3.2/Pebble/aplite/lib/libpebble.a(tmp124RGvpebble.o)
 .text.dict_merge
                0x0000000000000000        0xc /usr/local/Cellar/pebble-sdk/3.2/Pebble/aplite/lib/libpebble.a(tmp124RGvpebble.o)
 .text.dict_read_begin_from_buffer
                0x0000000000000000        0xc /usr/local/Cellar/pebble-sdk/3.2/Pebble/aplite/lib/libpebble.a(tmp124RGvpebble.o)
 .text.dict_serialize_tuplets
                0x0000000000000000        0xc /usr/local/Cellar/pebble-sdk/3.2/Pebble/aplite/lib/libpebble.a(tmp124RGvpebble.o)
 .text.dict_serialize_tuplets_to_buffer__deprecated
                0x0000000000000000        0xc /usr/local/Cellar/pebble-sdk/3.2/Pebble/aplite/lib/libpebble.a(tmp124RGvpebble.o)
 .text.dict_serialize_tuplets_to_buffer_with_iter
                0x0000000000000000        0xc /usr/local/Cellar/pebble-sdk/3.2/Pebble/aplite/lib/libpebble.a(tmp124RGvpebble.o)
 .text.dict_write_begin
                0x0000000000000000        0xc /usr/local/Cellar/pebble-sdk/3.2/Pebble/aplite/lib/libpebble.a(tmp124RGvpebble.o)
 .text.dict_write_cstring
                0x0000000000000000        0xc /usr/local/Cellar/pebble-sdk/3.2/Pebble/aplite/lib/libpebble.a(tmp124RGvpebble.o)
 .text.dict_write_data
                0x0000000000000000        0xc /usr/local/Cellar/pebble-sdk/3.2/Pebble/aplite/lib/libpebble.a(tmp124RGvpebble.o)
 .text.dict_write_int
                0x0000000000000000        0xc /usr/local/Cellar/pebble-sdk/3.2/Pebble/aplite/lib/libpebble.a(tmp124RGvpebble.o)
 .text.dict_write_int16
                0x0000000000000000        0xc /usr/local/Cellar/pebble-sdk/3.2/Pebble/aplite/lib/libpebble.a(tmp124RGvpebble.o)
 .text.dict_write_int32
                0x0000000000000000        0xc /usr/local/Cellar/pebble-sdk/3.2/Pebble/aplite/lib/libpebble.a(tmp124RGvpebble.o)
 .text.dict_write_int8
                0x0000000000000000        0xc /usr/local/Cellar/pebble-sdk/3.2/Pebble/aplite/lib/libpebble.a(tmp124RGvpebble.o)
 .text.dict_write_tuplet
                0x0000000000000000        0xc /usr/local/Cellar/pebble-sdk/3.2/Pebble/aplite/lib/libpebble.a(tmp124RGvpebble.o)
 .text.dict_write_uint32
                0x0000000000000000        0xc /usr/local/Cellar/pebble-sdk/3.2/Pebble/aplite/lib/libpebble.a(tmp124RGvpebble.o)
 .text.dict_write_uint8
                0x0000000000000000        0xc /usr/local/Cellar/pebble-sdk/3.2/Pebble/aplite/lib/libpebble.a(tmp124RGvpebble.o)
 .text.fonts_get_system_font
                0x0000000000000000        0xc /usr/local/Cellar/pebble-sdk/3.2/Pebble/aplite/lib/libpebble.a(tmp124RGvpebble.o)
 .text.fonts_load_custom_font
                0x0000000000000000        0xc /usr/local/Cellar/pebble-sdk/3.2/Pebble/aplite/lib/libpebble.a(tmp124RGvpebble.o)
 .text.free     0x0000000000000000        0xc /usr/local/Cellar/pebble-sdk/3.2/Pebble/aplite/lib/libpebble.a(tmp124RGvpebble.o)
 .text.gbitmap_create_as_sub_bitmap
                0x0000000000000000        0xc /usr/local/Cellar/pebble-sdk/3.2/Pebble/aplite/lib/libpebble.a(tmp124RGvpebble.o)
 .text.gbitmap_create_with_data
                0x0000000000000000        0xc /usr/local/Cellar/pebble-sdk/3.2/Pebble/aplite/lib/libpebble.a(tmp124RGvpebble.o)
 .text.gbitmap_destroy
                0x0000000000000000        0xc /usr/local/Cellar/pebble-sdk/3.2/Pebble/aplite/lib/libpebble.a(tmp124RGvpebble.o)
 .text.gmtime   0x0000000000000000        0xc /usr/local/Cellar/pebble-sdk/3.2/Pebble/aplite/lib/libpebble.a(tmp124RGvpebble.o)
 .text.gpath_create
                0x0000000000000000        0xc /usr/local/Cellar/pebble-sdk/3.2/Pebble/aplite/lib/libpebble.a(tmp124RGvpebble.o)
 .text.gpath_destroy
                0x0000000000000000        0xc /usr/local/Cellar/pebble-sdk/3.2/Pebble/aplite/lib/libpebble.a(tmp124RGvpebble.o)
 .text.gpath_draw_filled_legacy
                0x0000000000000000        0xc /usr/local/Cellar/pebble-sdk/3.2/Pebble/aplite/lib/libpebble.a(tmp124RGvpebble.o)
 .text.gpath_draw_outline
                0x0000000000000000        0xc /usr/local/Cellar/pebble-sdk/3.2/Pebble/aplite/lib/libpebble.a(tmp124RGvpebble.o)
 .text.gpath_move_to
                0x0000000000000000        0xc /usr/local/Cellar/pebble-sdk/3.2/Pebble/aplite/lib/libpebble.a(tmp124RGvpebble.o)
 .text.gpath_rotate_to
                0x0000000000000000        0xc /usr/local/Cellar/pebble-sdk/3.2/Pebble/aplite/lib/libpebble.a(tmp124RGvpebble.o)
 .text.gpoint_equal
                0x0000000000000000        0xc /usr/local/Cellar/pebble-sdk/3.2/Pebble/aplite/lib/libpebble.a(tmp124RGvpebble.o)
 .text.graphics_context_set_compositing_mode
                0x0000000000000000        0xc /usr/local/Cellar/pebble-sdk/3.2/Pebble/aplite/lib/libpebble.a(tmp124RGvpebble.o)
 .text.graphics_context_set_fill_color
                0x0000000000000000        0xc /usr/local/Cellar/pebble-sdk/3.2/Pebble/aplite/lib/libpebble.a(tmp124RGvpebble.o)
 .text.graphics_context_set_stroke_color
                0x0000000000000000        0xc /usr/local/Cellar/pebble-sdk/3.2/Pebble/aplite/lib/libpebble.a(tmp124RGvpebble.o)
 .text.graphics_context_set_text_color
                0x0000000000000000        0xc /usr/local/Cellar/pebble-sdk/3.2/Pebble/aplite/lib/libpebble.a(tmp124RGvpebble.o)
 .text.graphics_draw_bitmap_in_rect
                0x0000000000000000        0xc /usr/local/Cellar/pebble-sdk/3.2/Pebble/aplite/lib/libpebble.a(tmp124RGvpebble.o)
 .text.graphics_draw_circle
                0x0000000000000000        0xc /usr/local/Cellar/pebble-sdk/3.2/Pebble/aplite/lib/libpebble.a(tmp124RGvpebble.o)
 .text.graphics_draw_line
                0x0000000000000000        0xc /usr/local/Cellar/pebble-sdk/3.2/Pebble/aplite/lib/libpebble.a(tmp124RGvpebble.o)
 .text.graphics_draw_pixel
                0x0000000000000000        0xc /usr/local/Cellar/pebble-sdk/3.2/Pebble/aplite/lib/libpebble.a(tmp124RGvpebble.o)
 .text.graphics_draw_rect
                0x0000000000000000        0xc /usr/local/Cellar/pebble-sdk/3.2/Pebble/aplite/lib/libpebble.a(tmp124RGvpebble.o)
 .text.graphics_draw_round_rect
                0x0000000000000000        0xc /usr/local/Cellar/pebble-sdk/3.2/Pebble/aplite/lib/libpebble.a(tmp124RGvpebble.o)
 .text.graphics_fill_circle
                0x0000000000000000        0xc /usr/local/Cellar/pebble-sdk/3.2/Pebble/aplite/lib/libpebble.a(tmp124RGvpebble.o)
 .text.graphics_fill_rect
                0x0000000000000000        0xc /usr/local/Cellar/pebble-sdk/3.2/Pebble/aplite/lib/libpebble.a(tmp124RGvpebble.o)
 .text.graphics_text_layout_get_max_used_size
                0x0000000000000000        0xc /usr/local/Cellar/pebble-sdk/3.2/Pebble/aplite/lib/libpebble.a(tmp124RGvpebble.o)
 .text.grect_align
                0x0000000000000000        0xc /usr/local/Cellar/pebble-sdk/3.2/Pebble/aplite/lib/libpebble.a(tmp124RGvpebble.o)
 .text.grect_center_point
                0x0000000000000000        0xc /usr/local/Cellar/pebble-sdk/3.2/Pebble/aplite/lib/libpebble.a(tmp124RGvpebble.o)
 .text.grect_clip
                0x0000000000000000        0xc /usr/local/Cellar/pebble-sdk/3.2/Pebble/aplite/lib/libpebble.a(tmp124RGvpebble.o)
 .text.grect_contains_point
                0x0000000000000000        0xc /usr/local/Cellar/pebble-sdk/3.2/Pebble/aplite/lib/libpebble.a(tmp124RGvpebble.o)
 .text.grect_crop
                0x0000000000000000        0xc /usr/local/Cellar/pebble-sdk/3.2/Pebble/aplite/lib/libpebble.a(tmp124RGvpebble.o)
 .text.grect_equal
                0x0000000000000000        0xc /usr/local/Cellar/pebble-sdk/3.2/Pebble/aplite/lib/libpebble.a(tmp124RGvpebble.o)
 .text.grect_is_empty
                0x0000000000000000        0xc /usr/local/Cellar/pebble-sdk/3.2/Pebble/aplite/lib/libpebble.a(tmp124RGvpebble.o)
 .text.grect_standardize
                0x0000000000000000        0xc /usr/local/Cellar/pebble-sdk/3.2/Pebble/aplite/lib/libpebble.a(tmp124RGvpebble.o)
 .text.gsize_equal
                0x0000000000000000        0xc /usr/local/Cellar/pebble-sdk/3.2/Pebble/aplite/lib/libpebble.a(tmp124RGvpebble.o)
 .text.inverter_layer_create
                0x0000000000000000        0xc /usr/local/Cellar/pebble-sdk/3.2/Pebble/aplite/lib/libpebble.a(tmp124RGvpebble.o)
 .text.inverter_layer_destroy
                0x0000000000000000        0xc /usr/local/Cellar/pebble-sdk/3.2/Pebble/aplite/lib/libpebble.a(tmp124RGvpebble.o)
 .text.inverter_layer_get_layer
                0x0000000000000000        0xc /usr/local/Cellar/pebble-sdk/3.2/Pebble/aplite/lib/libpebble.a(tmp124RGvpebble.o)
 .text.layer_create
                0x0000000000000000        0xc /usr/local/Cellar/pebble-sdk/3.2/Pebble/aplite/lib/libpebble.a(tmp124RGvpebble.o)
 .text.layer_create_with_data
                0x0000000000000000        0xc /usr/local/Cellar/pebble-sdk/3.2/Pebble/aplite/lib/libpebble.a(tmp124RGvpebble.o)
 .text.layer_destroy
                0x0000000000000000        0xc /usr/local/Cellar/pebble-sdk/3.2/Pebble/aplite/lib/libpebble.a(tmp124RGvpebble.o)
 .text.layer_get_bounds
                0x0000000000000000        0xc /usr/local/Cellar/pebble-sdk/3.2/Pebble/aplite/lib/libpebble.a(tmp124RGvpebble.o)
 .text.layer_get_clips
                0x0000000000000000        0xc /usr/local/Cellar/pebble-sdk/3.2/Pebble/aplite/lib/libpebble.a(tmp124RGvpebble.o)
 .text.layer_get_data
                0x0000000000000000        0xc /usr/local/Cellar/pebble-sdk/3.2/Pebble/aplite/lib/libpebble.a(tmp124RGvpebble.o)
 .text.layer_get_frame
                0x0000000000000000        0xc /usr/local/Cellar/pebble-sdk/3.2/Pebble/aplite/lib/libpebble.a(tmp124RGvpebble.o)
 .text.layer_get_hidden
                0x0000000000000000        0xc /usr/local/Cellar/pebble-sdk/3.2/Pebble/aplite/lib/libpebble.a(tmp124RGvpebble.o)
 .text.layer_get_window
                0x0000000000000000        0xc /usr/local/Cellar/pebble-sdk/3.2/Pebble/aplite/lib/libpebble.a(tmp124RGvpebble.o)
 .text.layer_insert_above_sibling
                0x0000000000000000        0xc /usr/local/Cellar/pebble-sdk/3.2/Pebble/aplite/lib/libpebble.a(tmp124RGvpebble.o)
 .text.layer_insert_below_sibling
                0x0000000000000000        0xc /usr/local/Cellar/pebble-sdk/3.2/Pebble/aplite/lib/libpebble.a(tmp124RGvpebble.o)
 .text.layer_mark_dirty
                0x0000000000000000        0xc /usr/local/Cellar/pebble-sdk/3.2/Pebble/aplite/lib/libpebble.a(tmp124RGvpebble.o)
 .text.layer_remove_child_layers
                0x0000000000000000        0xc /usr/local/Cellar/pebble-sdk/3.2/Pebble/aplite/lib/libpebble.a(tmp124RGvpebble.o)
 .text.layer_remove_from_parent
                0x0000000000000000        0xc /usr/local/Cellar/pebble-sdk/3.2/Pebble/aplite/lib/libpebble.a(tmp124RGvpebble.o)
 .text.layer_set_bounds
                0x0000000000000000        0xc /usr/local/Cellar/pebble-sdk/3.2/Pebble/aplite/lib/libpebble.a(tmp124RGvpebble.o)
 .text.layer_set_clips
                0x0000000000000000        0xc /usr/local/Cellar/pebble-sdk/3.2/Pebble/aplite/lib/libpebble.a(tmp124RGvpebble.o)
 .text.layer_set_frame
                0x0000000000000000        0xc /usr/local/Cellar/pebble-sdk/3.2/Pebble/aplite/lib/libpebble.a(tmp124RGvpebble.o)
 .text.layer_set_hidden
                0x0000000000000000        0xc /usr/local/Cellar/pebble-sdk/3.2/Pebble/aplite/lib/libpebble.a(tmp124RGvpebble.o)
 .text.layer_set_update_proc
                0x0000000000000000        0xc /usr/local/Cellar/pebble-sdk/3.2/Pebble/aplite/lib/libpebble.a(tmp124RGvpebble.o)
 .text.light_enable
                0x0000000000000000        0xc /usr/local/Cellar/pebble-sdk/3.2/Pebble/aplite/lib/libpebble.a(tmp124RGvpebble.o)
 .text.light_enable_interaction
                0x0000000000000000        0xc /usr/local/Cellar/pebble-sdk/3.2/Pebble/aplite/lib/libpebble.a(tmp124RGvpebble.o)
 .text.localtime
                0x0000000000000000        0xc /usr/local/Cellar/pebble-sdk/3.2/Pebble/aplite/lib/libpebble.a(tmp124RGvpebble.o)
 .text.malloc   0x0000000000000000        0xc /usr/local/Cellar/pebble-sdk/3.2/Pebble/aplite/lib/libpebble.a(tmp124RGvpebble.o)
 .text.memmove  0x0000000000000000        0xc /usr/local/Cellar/pebble-sdk/3.2/Pebble/aplite/lib/libpebble.a(tmp124RGvpebble.o)
 .text.menu_cell_basic_header_draw
                0x0000000000000000        0xc /usr/local/Cellar/pebble-sdk/3.2/Pebble/aplite/lib/libpebble.a(tmp124RGvpebble.o)
 .text.menu_cell_title_draw
                0x0000000000000000        0xc /usr/local/Cellar/pebble-sdk/3.2/Pebble/aplite/lib/libpebble.a(tmp124RGvpebble.o)
 .text.menu_index_compare
                0x0000000000000000        0xc /usr/local/Cellar/pebble-sdk/3.2/Pebble/aplite/lib/libpebble.a(tmp124RGvpebble.o)
 .text.menu_layer_get_scroll_layer
                0x0000000000000000        0xc /usr/local/Cellar/pebble-sdk/3.2/Pebble/aplite/lib/libpebble.a(tmp124RGvpebble.o)
 .text.menu_layer_get_selected_index
                0x0000000000000000        0xc /usr/local/Cellar/pebble-sdk/3.2/Pebble/aplite/lib/libpebble.a(tmp124RGvpebble.o)
 .text.menu_layer_set_callbacks__deprecated
                0x0000000000000000        0xc /usr/local/Cellar/pebble-sdk/3.2/Pebble/aplite/lib/libpebble.a(tmp124RGvpebble.o)
 .text.menu_layer_set_selected_index
                0x0000000000000000        0xc /usr/local/Cellar/pebble-sdk/3.2/Pebble/aplite/lib/libpebble.a(tmp124RGvpebble.o)
 .text.menu_layer_set_selected_next
                0x0000000000000000        0xc /usr/local/Cellar/pebble-sdk/3.2/Pebble/aplite/lib/libpebble.a(tmp124RGvpebble.o)
 .text.number_window_create
                0x0000000000000000        0xc /usr/local/Cellar/pebble-sdk/3.2/Pebble/aplite/lib/libpebble.a(tmp124RGvpebble.o)
 .text.number_window_destroy
                0x0000000000000000        0xc /usr/local/Cellar/pebble-sdk/3.2/Pebble/aplite/lib/libpebble.a(tmp124RGvpebble.o)
 .text.number_window_get_value
                0x0000000000000000        0xc /usr/local/Cellar/pebble-sdk/3.2/Pebble/aplite/lib/libpebble.a(tmp124RGvpebble.o)
 .text.number_window_set_label
                0x0000000000000000        0xc /usr/local/Cellar/pebble-sdk/3.2/Pebble/aplite/lib/libpebble.a(tmp124RGvpebble.o)
 .text.number_window_set_max
                0x0000000000000000        0xc /usr/local/Cellar/pebble-sdk/3.2/Pebble/aplite/lib/libpebble.a(tmp124RGvpebble.o)
 .text.number_window_set_min
                0x0000000000000000        0xc /usr/local/Cellar/pebble-sdk/3.2/Pebble/aplite/lib/libpebble.a(tmp124RGvpebble.o)
 .text.number_window_set_step_size
                0x0000000000000000        0xc /usr/local/Cellar/pebble-sdk/3.2/Pebble/aplite/lib/libpebble.a(tmp124RGvpebble.o)
 .text.number_window_set_value
                0x0000000000000000        0xc /usr/local/Cellar/pebble-sdk/3.2/Pebble/aplite/lib/libpebble.a(tmp124RGvpebble.o)
 .text.persist_delete
                0x0000000000000000        0xc /usr/local/Cellar/pebble-sdk/3.2/Pebble/aplite/lib/libpebble.a(tmp124RGvpebble.o)
 .text.persist_exists
                0x0000000000000000        0xc /usr/local/Cellar/pebble-sdk/3.2/Pebble/aplite/lib/libpebble.a(tmp124RGvpebble.o)
 .text.persist_get_size
                0x0000000000000000        0xc /usr/local/Cellar/pebble-sdk/3.2/Pebble/aplite/lib/libpebble.a(tmp124RGvpebble.o)
 .text.persist_read_bool
                0x0000000000000000        0xc /usr/local/Cellar/pebble-sdk/3.2/Pebble/aplite/lib/libpebble.a(tmp124RGvpebble.o)
 .text.persist_read_data__deprecated
                0x0000000000000000        0xc /usr/local/Cellar/pebble-sdk/3.2/Pebble/aplite/lib/libpebble.a(tmp124RGvpebble.o)
 .text.persist_read_int
                0x0000000000000000        0xc /usr/local/Cellar/pebble-sdk/3.2/Pebble/aplite/lib/libpebble.a(tmp124RGvpebble.o)
 .text.persist_read_string__deprecated
                0x0000000000000000        0xc /usr/local/Cellar/pebble-sdk/3.2/Pebble/aplite/lib/libpebble.a(tmp124RGvpebble.o)
 .text.persist_write_bool
                0x0000000000000000        0xc /usr/local/Cellar/pebble-sdk/3.2/Pebble/aplite/lib/libpebble.a(tmp124RGvpebble.o)
 .text.persist_write_data__deprecated
                0x0000000000000000        0xc /usr/local/Cellar/pebble-sdk/3.2/Pebble/aplite/lib/libpebble.a(tmp124RGvpebble.o)
 .text.persist_write_int
                0x0000000000000000        0xc /usr/local/Cellar/pebble-sdk/3.2/Pebble/aplite/lib/libpebble.a(tmp124RGvpebble.o)
 .text.persist_write_string
                0x0000000000000000        0xc /usr/local/Cellar/pebble-sdk/3.2/Pebble/aplite/lib/libpebble.a(tmp124RGvpebble.o)
 .text.property_animation_create
                0x0000000000000000        0xc /usr/local/Cellar/pebble-sdk/3.2/Pebble/aplite/lib/libpebble.a(tmp124RGvpebble.o)
 .text.property_animation_create_layer_frame
                0x0000000000000000        0xc /usr/local/Cellar/pebble-sdk/3.2/Pebble/aplite/lib/libpebble.a(tmp124RGvpebble.o)
 .text.property_animation_destroy
                0x0000000000000000        0xc /usr/local/Cellar/pebble-sdk/3.2/Pebble/aplite/lib/libpebble.a(tmp124RGvpebble.o)
 .text.property_animation_update_gpoint
                0x0000000000000000        0xc /usr/local/Cellar/pebble-sdk/3.2/Pebble/aplite/lib/libpebble.a(tmp124RGvpebble.o)
 .text.property_animation_update_grect
                0x0000000000000000        0xc /usr/local/Cellar/pebble-sdk/3.2/Pebble/aplite/lib/libpebble.a(tmp124RGvpebble.o)
 .text.property_animation_update_int16
                0x0000000000000000        0xc /usr/local/Cellar/pebble-sdk/3.2/Pebble/aplite/lib/libpebble.a(tmp124RGvpebble.o)
 .text.psleep   0x0000000000000000        0xc /usr/local/Cellar/pebble-sdk/3.2/Pebble/aplite/lib/libpebble.a(tmp124RGvpebble.o)
 .text.rand     0x0000000000000000        0xc /usr/local/Cellar/pebble-sdk/3.2/Pebble/aplite/lib/libpebble.a(tmp124RGvpebble.o)
 .text.resource_get_handle
                0x0000000000000000        0xc /usr/local/Cellar/pebble-sdk/3.2/Pebble/aplite/lib/libpebble.a(tmp124RGvpebble.o)
 .text.resource_load
                0x0000000000000000        0xc /usr/local/Cellar/pebble-sdk/3.2/Pebble/aplite/lib/libpebble.a(tmp124RGvpebble.o)
 .text.resource_load_byte_range
                0x0000000000000000        0xc /usr/local/Cellar/pebble-sdk/3.2/Pebble/aplite/lib/libpebble.a(tmp124RGvpebble.o)
 .text.resource_size
                0x0000000000000000        0xc /usr/local/Cellar/pebble-sdk/3.2/Pebble/aplite/lib/libpebble.a(tmp124RGvpebble.o)
 .text.rot_bitmap_layer_create
                0x0000000000000000        0xc /usr/local/Cellar/pebble-sdk/3.2/Pebble/aplite/lib/libpebble.a(tmp124RGvpebble.o)
 .text.rot_bitmap_layer_destroy
                0x0000000000000000        0xc /usr/local/Cellar/pebble-sdk/3.2/Pebble/aplite/lib/libpebble.a(tmp124RGvpebble.o)
 .text.rot_bitmap_layer_increment_angle
                0x0000000000000000        0xc /usr/local/Cellar/pebble-sdk/3.2/Pebble/aplite/lib/libpebble.a(tmp124RGvpebble.o)
 .text.rot_bitmap_layer_set_angle
                0x0000000000000000        0xc /usr/local/Cellar/pebble-sdk/3.2/Pebble/aplite/lib/libpebble.a(tmp124RGvpebble.o)
 .text.rot_bitmap_layer_set_corner_clip_color
                0x0000000000000000        0xc /usr/local/Cellar/pebble-sdk/3.2/Pebble/aplite/lib/libpebble.a(tmp124RGvpebble.o)
 .text.rot_bitmap_set_compositing_mode
                0x0000000000000000        0xc /usr/local/Cellar/pebble-sdk/3.2/Pebble/aplite/lib/libpebble.a(tmp124RGvpebble.o)
 .text.rot_bitmap_set_src_ic
                0x0000000000000000        0xc /usr/local/Cellar/pebble-sdk/3.2/Pebble/aplite/lib/libpebble.a(tmp124RGvpebble.o)
 .text.scroll_layer_add_child
                0x0000000000000000        0xc /usr/local/Cellar/pebble-sdk/3.2/Pebble/aplite/lib/libpebble.a(tmp124RGvpebble.o)
 .text.scroll_layer_create
                0x0000000000000000        0xc /usr/local/Cellar/pebble-sdk/3.2/Pebble/aplite/lib/libpebble.a(tmp124RGvpebble.o)
 .text.scroll_layer_destroy
                0x0000000000000000        0xc /usr/local/Cellar/pebble-sdk/3.2/Pebble/aplite/lib/libpebble.a(tmp124RGvpebble.o)
 .text.scroll_layer_get_content_offset
                0x0000000000000000        0xc /usr/local/Cellar/pebble-sdk/3.2/Pebble/aplite/lib/libpebble.a(tmp124RGvpebble.o)
 .text.scroll_layer_get_content_size
                0x0000000000000000        0xc /usr/local/Cellar/pebble-sdk/3.2/Pebble/aplite/lib/libpebble.a(tmp124RGvpebble.o)
 .text.scroll_layer_get_layer
                0x0000000000000000        0xc /usr/local/Cellar/pebble-sdk/3.2/Pebble/aplite/lib/libpebble.a(tmp124RGvpebble.o)
 .text.scroll_layer_get_shadow_hidden
                0x0000000000000000        0xc /usr/local/Cellar/pebble-sdk/3.2/Pebble/aplite/lib/libpebble.a(tmp124RGvpebble.o)
 .text.scroll_layer_scroll_down_click_handler
                0x0000000000000000        0xc /usr/local/Cellar/pebble-sdk/3.2/Pebble/aplite/lib/libpebble.a(tmp124RGvpebble.o)
 .text.scroll_layer_scroll_up_click_handler
                0x0000000000000000        0xc /usr/local/Cellar/pebble-sdk/3.2/Pebble/aplite/lib/libpebble.a(tmp124RGvpebble.o)
 .text.scroll_layer_set_callbacks
                0x0000000000000000        0xc /usr/local/Cellar/pebble-sdk/3.2/Pebble/aplite/lib/libpebble.a(tmp124RGvpebble.o)
 .text.scroll_layer_set_click_config_onto_window
                0x0000000000000000        0xc /usr/local/Cellar/pebble-sdk/3.2/Pebble/aplite/lib/libpebble.a(tmp124RGvpebble.o)
 .text.scroll_layer_set_content_offset
                0x0000000000000000        0xc /usr/local/Cellar/pebble-sdk/3.2/Pebble/aplite/lib/libpebble.a(tmp124RGvpebble.o)
 .text.scroll_layer_set_content_size
                0x0000000000000000        0xc /usr/local/Cellar/pebble-sdk/3.2/Pebble/aplite/lib/libpebble.a(tmp124RGvpebble.o)
 .text.scroll_layer_set_context
                0x0000000000000000        0xc /usr/local/Cellar/pebble-sdk/3.2/Pebble/aplite/lib/libpebble.a(tmp124RGvpebble.o)
 .text.scroll_layer_set_frame
                0x0000000000000000        0xc /usr/local/Cellar/pebble-sdk/3.2/Pebble/aplite/lib/libpebble.a(tmp124RGvpebble.o)
 .text.scroll_layer_set_shadow_hidden
                0x0000000000000000        0xc /usr/local/Cellar/pebble-sdk/3.2/Pebble/aplite/lib/libpebble.a(tmp124RGvpebble.o)
 .text.simple_menu_layer_create
                0x0000000000000000        0xc /usr/local/Cellar/pebble-sdk/3.2/Pebble/aplite/lib/libpebble.a(tmp124RGvpebble.o)
 .text.simple_menu_layer_destroy
                0x0000000000000000        0xc /usr/local/Cellar/pebble-sdk/3.2/Pebble/aplite/lib/libpebble.a(tmp124RGvpebble.o)
 .text.simple_menu_layer_get_layer
                0x0000000000000000        0xc /usr/local/Cellar/pebble-sdk/3.2/Pebble/aplite/lib/libpebble.a(tmp124RGvpebble.o)
 .text.simple_menu_layer_get_selected_index
                0x0000000000000000        0xc /usr/local/Cellar/pebble-sdk/3.2/Pebble/aplite/lib/libpebble.a(tmp124RGvpebble.o)
 .text.simple_menu_layer_set_selected_index
                0x0000000000000000        0xc /usr/local/Cellar/pebble-sdk/3.2/Pebble/aplite/lib/libpebble.a(tmp124RGvpebble.o)
 .text.sin_lookup
                0x0000000000000000        0xc /usr/local/Cellar/pebble-sdk/3.2/Pebble/aplite/lib/libpebble.a(tmp124RGvpebble.o)
 .text.snprintf
                0x0000000000000000        0xc /usr/local/Cellar/pebble-sdk/3.2/Pebble/aplite/lib/libpebble.a(tmp124RGvpebble.o)
 .text.srand    0x0000000000000000        0xc /usr/local/Cellar/pebble-sdk/3.2/Pebble/aplite/lib/libpebble.a(tmp124RGvpebble.o)
 .text.strcat   0x0000000000000000        0xc /usr/local/Cellar/pebble-sdk/3.2/Pebble/aplite/lib/libpebble.a(tmp124RGvpebble.o)
 .text.strcmp   0x0000000000000000        0xc /usr/local/Cellar/pebble-sdk/3.2/Pebble/aplite/lib/libpebble.a(tmp124RGvpebble.o)
 .text.strftime
                0x0000000000000000        0xc /usr/local/Cellar/pebble-sdk/3.2/Pebble/aplite/lib/libpebble.a(tmp124RGvpebble.o)
 .text.strlen   0x0000000000000000        0xc /usr/local/Cellar/pebble-sdk/3.2/Pebble/aplite/lib/libpebble.a(tmp124RGvpebble.o)
 .text.strncat  0x0000000000000000        0xc /usr/local/Cellar/pebble-sdk/3.2/Pebble/aplite/lib/libpebble.a(tmp124RGvpebble.o)
 .text.strncmp  0x0000000000000000        0xc /usr/local/Cellar/pebble-sdk/3.2/Pebble/aplite/lib/libpebble.a(tmp124RGvpebble.o)
 .text.strncpy  0x0000000000000000        0xc /usr/local/Cellar/pebble-sdk/3.2/Pebble/aplite/lib/libpebble.a(tmp124RGvpebble.o)
 .text.text_layer_get_content_size
                0x0000000000000000        0xc /usr/local/Cellar/pebble-sdk/3.2/Pebble/aplite/lib/libpebble.a(tmp124RGvpebble.o)
 .text.text_layer_get_text
                0x0000000000000000        0xc /usr/local/Cellar/pebble-sdk/3.2/Pebble/aplite/lib/libpebble.a(tmp124RGvpebble.o)
 .text.text_layer_set_font
                0x0000000000000000        0xc /usr/local/Cellar/pebble-sdk/3.2/Pebble/aplite/lib/libpebble.a(tmp124RGvpebble.o)
 .text.text_layer_set_overflow_mode
                0x0000000000000000        0xc /usr/local/Cellar/pebble-sdk/3.2/Pebble/aplite/lib/libpebble.a(tmp124RGvpebble.o)
 .text.text_layer_set_size
                0x0000000000000000        0xc /usr/local/Cellar/pebble-sdk/3.2/Pebble/aplite/lib/libpebble.a(tmp124RGvpebble.o)
 .text.tick_timer_service_subscribe
                0x0000000000000000        0xc /usr/local/Cellar/pebble-sdk/3.2/Pebble/aplite/lib/libpebble.a(tmp124RGvpebble.o)
 .text.tick_timer_service_unsubscribe
                0x0000000000000000        0xc /usr/local/Cellar/pebble-sdk/3.2/Pebble/aplite/lib/libpebble.a(tmp124RGvpebble.o)
 .text.time     0x0000000000000000        0xc /usr/local/Cellar/pebble-sdk/3.2/Pebble/aplite/lib/libpebble.a(tmp124RGvpebble.o)
 .text.time_ms  0x0000000000000000        0xc /usr/local/Cellar/pebble-sdk/3.2/Pebble/aplite/lib/libpebble.a(tmp124RGvpebble.o)
 .text.vibes_cancel
                0x0000000000000000        0xc /usr/local/Cellar/pebble-sdk/3.2/Pebble/aplite/lib/libpebble.a(tmp124RGvpebble.o)
 .text.vibes_double_pulse
                0x0000000000000000        0xc /usr/local/Cellar/pebble-sdk/3.2/Pebble/aplite/lib/libpebble.a(tmp124RGvpebble.o)
 .text.vibes_enqueue_custom_pattern
                0x0000000000000000        0xc /usr/local/Cellar/pebble-sdk/3.2/Pebble/aplite/lib/libpebble.a(tmp124RGvpebble.o)
 .text.vibes_long_pulse
                0x0000000000000000        0xc /usr/local/Cellar/pebble-sdk/3.2/Pebble/aplite/lib/libpebble.a(tmp124RGvpebble.o)
 .text.vibes_short_pulse
                0x0000000000000000        0xc /usr/local/Cellar/pebble-sdk/3.2/Pebble/aplite/lib/libpebble.a(tmp124RGvpebble.o)
 .text.window_get_click_config_provider
                0x0000000000000000        0xc /usr/local/Cellar/pebble-sdk/3.2/Pebble/aplite/lib/libpebble.a(tmp124RGvpebble.o)
 .text.window_get_fullscreen
                0x0000000000000000        0xc /usr/local/Cellar/pebble-sdk/3.2/Pebble/aplite/lib/libpebble.a(tmp124RGvpebble.o)
 .text.window_is_loaded
                0x0000000000000000        0xc /usr/local/Cellar/pebble-sdk/3.2/Pebble/aplite/lib/libpebble.a(tmp124RGvpebble.o)
 .text.window_set_background_color
                0x0000000000000000        0xc /usr/local/Cellar/pebble-sdk/3.2/Pebble/aplite/lib/libpebble.a(tmp124RGvpebble.o)
 .text.window_set_click_config_provider
                0x0000000000000000        0xc /usr/local/Cellar/pebble-sdk/3.2/Pebble/aplite/lib/libpebble.a(tmp124RGvpebble.o)
 .text.window_set_click_config_provider_with_context
                0x0000000000000000        0xc /usr/local/Cellar/pebble-sdk/3.2/Pebble/aplite/lib/libpebble.a(tmp124RGvpebble.o)
 .text.window_set_fullscreen
                0x0000000000000000        0xc /usr/local/Cellar/pebble-sdk/3.2/Pebble/aplite/lib/libpebble.a(tmp124RGvpebble.o)
 .text.window_set_status_bar_icon
                0x0000000000000000        0xc /usr/local/Cellar/pebble-sdk/3.2/Pebble/aplite/lib/libpebble.a(tmp124RGvpebble.o)
 .text.window_stack_contains_window
                0x0000000000000000        0xc /usr/local/Cellar/pebble-sdk/3.2/Pebble/aplite/lib/libpebble.a(tmp124RGvpebble.o)
 .text.window_stack_get_top_window
                0x0000000000000000        0xc /usr/local/Cellar/pebble-sdk/3.2/Pebble/aplite/lib/libpebble.a(tmp124RGvpebble.o)
 .text.window_stack_pop
                0x0000000000000000        0xc /usr/local/Cellar/pebble-sdk/3.2/Pebble/aplite/lib/libpebble.a(tmp124RGvpebble.o)
 .text.window_stack_pop_all
                0x0000000000000000        0xc /usr/local/Cellar/pebble-sdk/3.2/Pebble/aplite/lib/libpebble.a(tmp124RGvpebble.o)
 .text.window_stack_remove
                0x0000000000000000        0xc /usr/local/Cellar/pebble-sdk/3.2/Pebble/aplite/lib/libpebble.a(tmp124RGvpebble.o)
 .text.app_focus_service_subscribe
                0x0000000000000000        0xc /usr/local/Cellar/pebble-sdk/3.2/Pebble/aplite/lib/libpebble.a(tmp124RGvpebble.o)
 .text.app_focus_service_unsubscribe
                0x0000000000000000        0xc /usr/local/Cellar/pebble-sdk/3.2/Pebble/aplite/lib/libpebble.a(tmp124RGvpebble.o)
 .text.window_get_user_data
                0x0000000000000000        0xc /usr/local/Cellar/pebble-sdk/3.2/Pebble/aplite/lib/libpebble.a(tmp124RGvpebble.o)
 .text.window_set_user_data
                0x0000000000000000        0xc /usr/local/Cellar/pebble-sdk/3.2/Pebble/aplite/lib/libpebble.a(tmp124RGvpebble.o)
 .text.app_message_get_context
                0x0000000000000000        0xc /usr/local/Cellar/pebble-sdk/3.2/Pebble/aplite/lib/libpebble.a(tmp124RGvpebble.o)
 .text.app_message_inbox_size_maximum
                0x0000000000000000        0xc /usr/local/Cellar/pebble-sdk/3.2/Pebble/aplite/lib/libpebble.a(tmp124RGvpebble.o)
 .text.app_message_outbox_size_maximum
                0x0000000000000000        0xc /usr/local/Cellar/pebble-sdk/3.2/Pebble/aplite/lib/libpebble.a(tmp124RGvpebble.o)
 .text.app_message_register_inbox_dropped
                0x0000000000000000        0xc /usr/local/Cellar/pebble-sdk/3.2/Pebble/aplite/lib/libpebble.a(tmp124RGvpebble.o)
 .text.app_message_register_outbox_failed
                0x0000000000000000        0xc /usr/local/Cellar/pebble-sdk/3.2/Pebble/aplite/lib/libpebble.a(tmp124RGvpebble.o)
 .text.app_message_register_outbox_sent
                0x0000000000000000        0xc /usr/local/Cellar/pebble-sdk/3.2/Pebble/aplite/lib/libpebble.a(tmp124RGvpebble.o)
 .text.app_message_set_context
                0x0000000000000000        0xc /usr/local/Cellar/pebble-sdk/3.2/Pebble/aplite/lib/libpebble.a(tmp124RGvpebble.o)
 .text.window_long_click_subscribe
                0x0000000000000000        0xc /usr/local/Cellar/pebble-sdk/3.2/Pebble/aplite/lib/libpebble.a(tmp124RGvpebble.o)
 .text.window_multi_click_subscribe
                0x0000000000000000        0xc /usr/local/Cellar/pebble-sdk/3.2/Pebble/aplite/lib/libpebble.a(tmp124RGvpebble.o)
 .text.window_raw_click_subscribe
                0x0000000000000000        0xc /usr/local/Cellar/pebble-sdk/3.2/Pebble/aplite/lib/libpebble.a(tmp124RGvpebble.o)
 .text.window_set_click_context
                0x0000000000000000        0xc /usr/local/Cellar/pebble-sdk/3.2/Pebble/aplite/lib/libpebble.a(tmp124RGvpebble.o)
 .text.window_single_click_subscribe
                0x0000000000000000        0xc /usr/local/Cellar/pebble-sdk/3.2/Pebble/aplite/lib/libpebble.a(tmp124RGvpebble.o)
 .text.window_single_repeating_click_subscribe
                0x0000000000000000        0xc /usr/local/Cellar/pebble-sdk/3.2/Pebble/aplite/lib/libpebble.a(tmp124RGvpebble.o)
 .text.graphics_draw_text
                0x0000000000000000        0xc /usr/local/Cellar/pebble-sdk/3.2/Pebble/aplite/lib/libpebble.a(tmp124RGvpebble.o)
 .text.dict_serialize_tuplets_to_buffer
                0x0000000000000000        0xc /usr/local/Cellar/pebble-sdk/3.2/Pebble/aplite/lib/libpebble.a(tmp124RGvpebble.o)
 .text.persist_read_data
                0x0000000000000000        0xc /usr/local/Cellar/pebble-sdk/3.2/Pebble/aplite/lib/libpebble.a(tmp124RGvpebble.o)
 .text.persist_read_string
                0x0000000000000000        0xc /usr/local/Cellar/pebble-sdk/3.2/Pebble/aplite/lib/libpebble.a(tmp124RGvpebble.o)
 .text.persist_write_data
                0x0000000000000000        0xc /usr/local/Cellar/pebble-sdk/3.2/Pebble/aplite/lib/libpebble.a(tmp124RGvpebble.o)
 .text.dict_size
                0x0000000000000000        0xc /usr/local/Cellar/pebble-sdk/3.2/Pebble/aplite/lib/libpebble.a(tmp124RGvpebble.o)
 .text.graphics_text_layout_get_content_size
                0x0000000000000000        0xc /usr/local/Cellar/pebble-sdk/3.2/Pebble/aplite/lib/libpebble.a(tmp124RGvpebble.o)
 .text.simple_menu_layer_get_menu_layer
                0x0000000000000000        0xc /usr/local/Cellar/pebble-sdk/3.2/Pebble/aplite/lib/libpebble.a(tmp124RGvpebble.o)
 .text.accel_data_service_subscribe
                0x0000000000000000        0xc /usr/local/Cellar/pebble-sdk/3.2/Pebble/aplite/lib/libpebble.a(tmp124RGvpebble.o)
 .text.calloc   0x0000000000000000        0xc /usr/local/Cellar/pebble-sdk/3.2/Pebble/aplite/lib/libpebble.a(tmp124RGvpebble.o)
 .text.bitmap_layer_get_bitmap
                0x0000000000000000        0xc /usr/local/Cellar/pebble-sdk/3.2/Pebble/aplite/lib/libpebble.a(tmp124RGvpebble.o)
 .text.window_get_click_config_context
                0x0000000000000000        0xc /usr/local/Cellar/pebble-sdk/3.2/Pebble/aplite/lib/libpebble.a(tmp124RGvpebble.o)
 .text.number_window_get_window
                0x0000000000000000        0xc /usr/local/Cellar/pebble-sdk/3.2/Pebble/aplite/lib/libpebble.a(tmp124RGvpebble.o)
 .text.realloc  0x0000000000000000        0xc /usr/local/Cellar/pebble-sdk/3.2/Pebble/aplite/lib/libpebble.a(tmp124RGvpebble.o)
 .text.__gbitmap_create_blank
                0x0000000000000000        0xc /usr/local/Cellar/pebble-sdk/3.2/Pebble/aplite/lib/libpebble.a(tmp124RGvpebble.o)
 .text.click_recognizer_is_repeating
                0x0000000000000000        0xc /usr/local/Cellar/pebble-sdk/3.2/Pebble/aplite/lib/libpebble.a(tmp124RGvpebble.o)
 .text.accel_raw_data_service_subscribe
                0x0000000000000000        0xc /usr/local/Cellar/pebble-sdk/3.2/Pebble/aplite/lib/libpebble.a(tmp124RGvpebble.o)
 .text.app_worker_is_running
                0x0000000000000000        0xc /usr/local/Cellar/pebble-sdk/3.2/Pebble/aplite/lib/libpebble.a(tmp124RGvpebble.o)
 .text.app_worker_kill
                0x0000000000000000        0xc /usr/local/Cellar/pebble-sdk/3.2/Pebble/aplite/lib/libpebble.a(tmp124RGvpebble.o)
 .text.app_worker_launch
                0x0000000000000000        0xc /usr/local/Cellar/pebble-sdk/3.2/Pebble/aplite/lib/libpebble.a(tmp124RGvpebble.o)
 .text.app_worker_message_subscribe
                0x0000000000000000        0xc /usr/local/Cellar/pebble-sdk/3.2/Pebble/aplite/lib/libpebble.a(tmp124RGvpebble.o)
 .text.app_worker_message_unsubscribe
                0x0000000000000000        0xc /usr/local/Cellar/pebble-sdk/3.2/Pebble/aplite/lib/libpebble.a(tmp124RGvpebble.o)
 .text.app_worker_send_message
                0x0000000000000000        0xc /usr/local/Cellar/pebble-sdk/3.2/Pebble/aplite/lib/libpebble.a(tmp124RGvpebble.o)
 .text.worker_event_loop
                0x0000000000000000        0xc /usr/local/Cellar/pebble-sdk/3.2/Pebble/aplite/lib/libpebble.a(tmp124RGvpebble.o)
 .text.worker_launch_app
                0x0000000000000000        0xc /usr/local/Cellar/pebble-sdk/3.2/Pebble/aplite/lib/libpebble.a(tmp124RGvpebble.o)
 .text.heap_bytes_used
                0x0000000000000000        0xc /usr/local/Cellar/pebble-sdk/3.2/Pebble/aplite/lib/libpebble.a(tmp124RGvpebble.o)
 .text.compass_service_peek
                0x0000000000000000        0xc /usr/local/Cellar/pebble-sdk/3.2/Pebble/aplite/lib/libpebble.a(tmp124RGvpebble.o)
 .text.compass_service_set_heading_filter
                0x0000000000000000        0xc /usr/local/Cellar/pebble-sdk/3.2/Pebble/aplite/lib/libpebble.a(tmp124RGvpebble.o)
 .text.compass_service_subscribe
                0x0000000000000000        0xc /usr/local/Cellar/pebble-sdk/3.2/Pebble/aplite/lib/libpebble.a(tmp124RGvpebble.o)
 .text.compass_service_unsubscribe
                0x0000000000000000        0xc /usr/local/Cellar/pebble-sdk/3.2/Pebble/aplite/lib/libpebble.a(tmp124RGvpebble.o)
 .text.uuid_equal
                0x0000000000000000        0xc /usr/local/Cellar/pebble-sdk/3.2/Pebble/aplite/lib/libpebble.a(tmp124RGvpebble.o)
 .text.uuid_to_string
                0x0000000000000000        0xc /usr/local/Cellar/pebble-sdk/3.2/Pebble/aplite/lib/libpebble.a(tmp124RGvpebble.o)
 .text.gpath_draw_filled
                0x0000000000000000        0xc /usr/local/Cellar/pebble-sdk/3.2/Pebble/aplite/lib/libpebble.a(tmp124RGvpebble.o)
 .text.animation_set_custom_curve
                0x0000000000000000        0xc /usr/local/Cellar/pebble-sdk/3.2/Pebble/aplite/lib/libpebble.a(tmp124RGvpebble.o)
 .text.watch_info_get_color
                0x0000000000000000        0xc /usr/local/Cellar/pebble-sdk/3.2/Pebble/aplite/lib/libpebble.a(tmp124RGvpebble.o)
 .text.watch_info_get_firmware_version
                0x0000000000000000        0xc /usr/local/Cellar/pebble-sdk/3.2/Pebble/aplite/lib/libpebble.a(tmp124RGvpebble.o)
 .text.watch_info_get_model
                0x0000000000000000        0xc /usr/local/Cellar/pebble-sdk/3.2/Pebble/aplite/lib/libpebble.a(tmp124RGvpebble.o)
 .text.graphics_capture_frame_buffer
                0x0000000000000000        0xc /usr/local/Cellar/pebble-sdk/3.2/Pebble/aplite/lib/libpebble.a(tmp124RGvpebble.o)
 .text.graphics_frame_buffer_is_captured
                0x0000000000000000        0xc /usr/local/Cellar/pebble-sdk/3.2/Pebble/aplite/lib/libpebble.a(tmp124RGvpebble.o)
 .text.graphics_release_frame_buffer
                0x0000000000000000        0xc /usr/local/Cellar/pebble-sdk/3.2/Pebble/aplite/lib/libpebble.a(tmp124RGvpebble.o)
 .text.clock_to_timestamp
                0x0000000000000000        0xc /usr/local/Cellar/pebble-sdk/3.2/Pebble/aplite/lib/libpebble.a(tmp124RGvpebble.o)
 .text.launch_reason
                0x0000000000000000        0xc /usr/local/Cellar/pebble-sdk/3.2/Pebble/aplite/lib/libpebble.a(tmp124RGvpebble.o)
 .text.wakeup_cancel
                0x0000000000000000        0xc /usr/local/Cellar/pebble-sdk/3.2/Pebble/aplite/lib/libpebble.a(tmp124RGvpebble.o)
 .text.wakeup_cancel_all
                0x0000000000000000        0xc /usr/local/Cellar/pebble-sdk/3.2/Pebble/aplite/lib/libpebble.a(tmp124RGvpebble.o)
 .text.wakeup_get_launch_event
                0x0000000000000000        0xc /usr/local/Cellar/pebble-sdk/3.2/Pebble/aplite/lib/libpebble.a(tmp124RGvpebble.o)
 .text.wakeup_query
                0x0000000000000000        0xc /usr/local/Cellar/pebble-sdk/3.2/Pebble/aplite/lib/libpebble.a(tmp124RGvpebble.o)
 .text.wakeup_schedule
                0x0000000000000000        0xc /usr/local/Cellar/pebble-sdk/3.2/Pebble/aplite/lib/libpebble.a(tmp124RGvpebble.o)
 .text.wakeup_service_subscribe
                0x0000000000000000        0xc /usr/local/Cellar/pebble-sdk/3.2/Pebble/aplite/lib/libpebble.a(tmp124RGvpebble.o)
 .text.clock_is_timezone_set
                0x0000000000000000        0xc /usr/local/Cellar/pebble-sdk/3.2/Pebble/aplite/lib/libpebble.a(tmp124RGvpebble.o)
 .text.i18n_get_system_locale
                0x0000000000000000        0xc /usr/local/Cellar/pebble-sdk/3.2/Pebble/aplite/lib/libpebble.a(tmp124RGvpebble.o)
 .text._localeconv_r
                0x0000000000000000        0xc /usr/local/Cellar/pebble-sdk/3.2/Pebble/aplite/lib/libpebble.a(tmp124RGvpebble.o)
 .text.setlocale
                0x0000000000000000        0xc /usr/local/Cellar/pebble-sdk/3.2/Pebble/aplite/lib/libpebble.a(tmp124RGvpebble.o)
 .text.mktime   0x0000000000000000        0xc /usr/local/Cellar/pebble-sdk/3.2/Pebble/aplite/lib/libpebble.a(tmp124RGvpebble.o)
 .text          0x0000000000000000        0x0 /usr/local/Cellar/pebble-toolchain/2.0/arm-cs-tools/bin/../lib/gcc/arm-none-eabi/4.7.2/thumb2/crtend.o
 .bss           0x0000000000000000        0x0 /usr/local/Cellar/pebble-toolchain/2.0/arm-cs-tools/bin/../lib/gcc/arm-none-eabi/4.7.2/thumb2/crtend.o
 .eh_frame      0x0000000000000000        0x4 /usr/local/Cellar/pebble-toolchain/2.0/arm-cs-tools/bin/../lib/gcc/arm-none-eabi/4.7.2/thumb2/crtend.o
 .jcr           0x0000000000000000        0x4 /usr/local/Cellar/pebble-toolchain/2.0/arm-cs-tools/bin/../lib/gcc/arm-none-eabi/4.7.2/thumb2/crtend.o
 .tm_clone_table
                0x0000000000000000        0x0 /usr/local/Cellar/pebble-toolchain/2.0/arm-cs-tools/bin/../lib/gcc/arm-none-eabi/4.7.2/thumb2/crtend.o
 .text          0x0000000000000000        0x0 /usr/local/Cellar/pebble-toolchain/2.0/arm-cs-tools/bin/../lib/gcc/arm-none-eabi/4.7.2/thumb2/crtn.o
 .bss           0x0000000000000000        0x0 /usr/local/Cellar/pebble-toolchain/2.0/arm-cs-tools/bin/../lib/gcc/arm-none-eabi/4.7.2/thumb2/crtn.o
 .init          0x0000000000000000        0x8 /usr/local/Cellar/pebble-toolchain/2.0/arm-cs-tools/bin/../lib/gcc/arm-none-eabi/4.7.2/thumb2/crtn.o
 .fini          0x0000000000000000        0x8 /usr/local/Cellar/pebble-toolchain/2.0/arm-cs-tools/bin/../lib/gcc/arm-none-eabi/4.7.2/thumb2/crtn.o

Memory Configuration

Name             Origin             Length             Attributes
APP              0x0000000000000000 0x0000000000006000 xrw
*default*        0x0000000000000000 0xffffffffffffffff

Linker script and memory map

LOAD /usr/local/Cellar/pebble-toolchain/2.0/arm-cs-tools/bin/../lib/gcc/arm-none-eabi/4.7.2/thumb2/crti.o
LOAD /usr/local/Cellar/pebble-toolchain/2.0/arm-cs-tools/bin/../lib/gcc/arm-none-eabi/4.7.2/thumb2/crtbegin.o
LOAD src/category_window.c.24.o
LOAD src/craft.c.24.o
LOAD src/main.c.24.o
LOAD aplite/appinfo.auto.c.24.o
LOAD /usr/local/Cellar/pebble-sdk/3.2/Pebble/aplite/lib/libpebble.a
START GROUP
LOAD /usr/local/Cellar/pebble-toolchain/2.0/arm-cs-tools/bin/../lib/gcc/arm-none-eabi/4.7.2/thumb2/libgcc.a
LOAD /usr/local/Cellar/pebble-toolchain/2.0/arm-cs-tools/bin/../lib/gcc/arm-none-eabi/4.7.2/../../../../arm-none-eabi/lib/thumb2/libc.a
END GROUP
LOAD /usr/local/Cellar/pebble-toolchain/2.0/arm-cs-tools/bin/../lib/gcc/arm-none-eabi/4.7.2/thumb2/crtend.o
LOAD /usr/local/Cellar/pebble-toolchain/2.0/arm-cs-tools/bin/../lib/gcc/arm-none-eabi/4.7.2/thumb2/crtn.o

.header         0x0000000000000000       0x82
 *(.pbl_header)
 .pbl_header    0x0000000000000000       0x82 aplite/appinfo.auto.c.24.o
                0x0000000000000000                __pbl_app_info

.note.gnu.build-id
                0x0000000000000082       0x26
                0x0000000000000082                PROVIDE (BUILD_ID, .)
 *(.note.gnu.build-id)
 *fill*         0x0000000000000082        0x2 
 .note.gnu.build-id
                0x0000000000000084       0x24 linker stubs

.text           0x00000000000000a8      0xdd7
 *(.text)
 .text          0x00000000000000a8       0x14 /usr/local/Cellar/pebble-sdk/3.2/Pebble/aplite/lib/libpebble.a(tmp124RGvpebble.o)
 *(.text.*)
 .text.category_num_rows_callback
                0x00000000000000bc        0xc src/category_window.c.24.o
                0x00000000000000bc                category_num_rows_callback
 .text.window_unload
                0x00000000000000c8       0x10 src/category_window.c.24.o
 .text.category_select_click_callback
                0x00000000000000d8       0xa8 src/category_window.c.24.o
                0x00000000000000d8                category_select_click_callback
 .text.category_draw_row_callback
                0x0000000000000180       0x28 src/category_window.c.24.o
                0x0000000000000180                category_draw_row_callback
 .text.category_add_recipe
                0x00000000000001a8       0x48 src/category_window.c.24.o
                0x00000000000001a8                category_add_recipe
 .text.category_set_index
                0x00000000000001f0        0xc src/category_window.c.24.o
                0x00000000000001f0                category_set_index
 .text.send_request
                0x00000000000001fc       0x3c src/category_window.c.24.o
                0x00000000000001fc                send_request
 .text.window_load
                0x0000000000000238       0xac src/category_window.c.24.o
 .text.category_get_window
                0x00000000000002e4        0xc src/category_window.c.24.o
                0x00000000000002e4                category_get_window
 .text.category_init
                0x00000000000002f0       0x44 src/category_window.c.24.o
                0x00000000000002f0                category_init
 .text.category_deinit
                0x0000000000000334       0x10 src/category_window.c.24.o
                0x0000000000000334                category_deinit
 .text.craft_window_unload
                0x0000000000000344       0xa8 src/craft.c.24.o
                0x0000000000000344                craft_window_unload
 .text.craft_window_load
                0x00000000000003ec      0x408 src/craft.c.24.o
                0x00000000000003ec                craft_window_load
 .text.craft_window_set_recipe
                0x00000000000007f4       0x2c src/craft.c.24.o
                0x00000000000007f4                craft_window_set_recipe
 .text.craft_window_get_window
                0x0000000000000820       0x14 src/craft.c.24.o
                0x0000000000000820                craft_window_get_window
 .text.craft_window_init
                0x0000000000000834       0x4c src/craft.c.24.o
                0x0000000000000834                craft_window_init
 .text.craft_window_deinit
                0x0000000000000880       0x18 src/craft.c.24.o
                0x0000000000000880                craft_window_deinit
 .text.num_rows_callback
                0x0000000000000898        0x4 src/main.c.24.o
                0x0000000000000898                num_rows_callback
 .text.window_unload
                0x000000000000089c       0x10 src/main.c.24.o
 .text.window_load
                0x00000000000008ac       0x90 src/main.c.24.o
 .text.select_click_callback
                0x000000000000093c       0x16 src/main.c.24.o
                0x000000000000093c                select_click_callback
 *fill*         0x0000000000000952        0x2 
 .text.draw_row_callback
                0x0000000000000954       0x7c src/main.c.24.o
                0x0000000000000954                draw_row_callback
 .text.process_tuple
                0x00000000000009d0       0x9c src/main.c.24.o
                0x00000000000009d0                process_tuple
 .text.inbox    0x0000000000000a6c       0x58 src/main.c.24.o
                0x0000000000000a6c                inbox
 .text.startup.main
                0x0000000000000ac4       0x98 src/main.c.24.o
                0x0000000000000ac4                main
 .text.app_event_loop
                0x0000000000000b5c        0xc /usr/local/Cellar/pebble-sdk/3.2/Pebble/aplite/lib/libpebble.a(tmp124RGvpebble.o)
                0x0000000000000b5c                app_event_loop
 .text.app_log  0x0000000000000b68        0xc /usr/local/Cellar/pebble-sdk/3.2/Pebble/aplite/lib/libpebble.a(tmp124RGvpebble.o)
                0x0000000000000b68                app_log
 .text.app_message_open
                0x0000000000000b74        0xc /usr/local/Cellar/pebble-sdk/3.2/Pebble/aplite/lib/libpebble.a(tmp124RGvpebble.o)
                0x0000000000000b74                app_message_open
 .text.bitmap_layer_create
                0x0000000000000b80        0xc /usr/local/Cellar/pebble-sdk/3.2/Pebble/aplite/lib/libpebble.a(tmp124RGvpebble.o)
                0x0000000000000b80                bitmap_layer_create
 .text.bitmap_layer_destroy
                0x0000000000000b8c        0xc /usr/local/Cellar/pebble-sdk/3.2/Pebble/aplite/lib/libpebble.a(tmp124RGvpebble.o)
                0x0000000000000b8c                bitmap_layer_destroy
 .text.bitmap_layer_get_layer
                0x0000000000000b98        0xc /usr/local/Cellar/pebble-sdk/3.2/Pebble/aplite/lib/libpebble.a(tmp124RGvpebble.o)
                0x0000000000000b98                bitmap_layer_get_layer
 .text.bitmap_layer_set_bitmap
                0x0000000000000ba4        0xc /usr/local/Cellar/pebble-sdk/3.2/Pebble/aplite/lib/libpebble.a(tmp124RGvpebble.o)
                0x0000000000000ba4                bitmap_layer_set_bitmap
 .text.dict_read_first
                0x0000000000000bb0        0xc /usr/local/Cellar/pebble-sdk/3.2/Pebble/aplite/lib/libpebble.a(tmp124RGvpebble.o)
                0x0000000000000bb0                dict_read_first
 .text.dict_read_next
                0x0000000000000bbc        0xc /usr/local/Cellar/pebble-sdk/3.2/Pebble/aplite/lib/libpebble.a(tmp124RGvpebble.o)
                0x0000000000000bbc                dict_read_next
 .text.dict_write_end
                0x0000000000000bc8        0xc /usr/local/Cellar/pebble-sdk/3.2/Pebble/aplite/lib/libpebble.a(tmp124RGvpebble.o)
                0x0000000000000bc8                dict_write_end
 .text.dict_write_uint16
                0x0000000000000bd4        0xc /usr/local/Cellar/pebble-sdk/3.2/Pebble/aplite/lib/libpebble.a(tmp124RGvpebble.o)
                0x0000000000000bd4                dict_write_uint16
 .text.fonts_unload_custom_font
                0x0000000000000be0        0xc /usr/local/Cellar/pebble-sdk/3.2/Pebble/aplite/lib/libpebble.a(tmp124RGvpebble.o)
                0x0000000000000be0                fonts_unload_custom_font
 .text.gbitmap_create_with_resource
                0x0000000000000bec        0xc /usr/local/Cellar/pebble-sdk/3.2/Pebble/aplite/lib/libpebble.a(tmp124RGvpebble.o)
                0x0000000000000bec                gbitmap_create_with_resource
 .text.layer_add_child
                0x0000000000000bf8        0xc /usr/local/Cellar/pebble-sdk/3.2/Pebble/aplite/lib/libpebble.a(tmp124RGvpebble.o)
                0x0000000000000bf8                layer_add_child
 .text.memcpy   0x0000000000000c04        0xc /usr/local/Cellar/pebble-sdk/3.2/Pebble/aplite/lib/libpebble.a(tmp124RGvpebble.o)
                0x0000000000000c04                memcpy
 .text.memset   0x0000000000000c10        0xc /usr/local/Cellar/pebble-sdk/3.2/Pebble/aplite/lib/libpebble.a(tmp124RGvpebble.o)
                0x0000000000000c10                memset
 .text.menu_cell_basic_draw
                0x0000000000000c1c        0xc /usr/local/Cellar/pebble-sdk/3.2/Pebble/aplite/lib/libpebble.a(tmp124RGvpebble.o)
                0x0000000000000c1c                menu_cell_basic_draw
 .text.menu_layer_create
                0x0000000000000c28        0xc /usr/local/Cellar/pebble-sdk/3.2/Pebble/aplite/lib/libpebble.a(tmp124RGvpebble.o)
                0x0000000000000c28                menu_layer_create
 .text.menu_layer_destroy
                0x0000000000000c34        0xc /usr/local/Cellar/pebble-sdk/3.2/Pebble/aplite/lib/libpebble.a(tmp124RGvpebble.o)
                0x0000000000000c34                menu_layer_destroy
 .text.menu_layer_get_layer
                0x0000000000000c40        0xc /usr/local/Cellar/pebble-sdk/3.2/Pebble/aplite/lib/libpebble.a(tmp124RGvpebble.o)
                0x0000000000000c40                menu_layer_get_layer
 .text.menu_layer_reload_data
                0x0000000000000c4c        0xc /usr/local/Cellar/pebble-sdk/3.2/Pebble/aplite/lib/libpebble.a(tmp124RGvpebble.o)
                0x0000000000000c4c                menu_layer_reload_data
 .text.menu_layer_set_click_config_onto_window
                0x0000000000000c58        0xc /usr/local/Cellar/pebble-sdk/3.2/Pebble/aplite/lib/libpebble.a(tmp124RGvpebble.o)
                0x0000000000000c58                menu_layer_set_click_config_onto_window
 .text.strcpy   0x0000000000000c64        0xc /usr/local/Cellar/pebble-sdk/3.2/Pebble/aplite/lib/libpebble.a(tmp124RGvpebble.o)
                0x0000000000000c64                strcpy
 .text.text_layer_create
                0x0000000000000c70        0xc /usr/local/Cellar/pebble-sdk/3.2/Pebble/aplite/lib/libpebble.a(tmp124RGvpebble.o)
                0x0000000000000c70                text_layer_create
 .text.text_layer_destroy
                0x0000000000000c7c        0xc /usr/local/Cellar/pebble-sdk/3.2/Pebble/aplite/lib/libpebble.a(tmp124RGvpebble.o)
                0x0000000000000c7c                text_layer_destroy
 .text.text_layer_get_layer
                0x0000000000000c88        0xc /usr/local/Cellar/pebble-sdk/3.2/Pebble/aplite/lib/libpebble.a(tmp124RGvpebble.o)
                0x0000000000000c88                text_layer_get_layer
 .text.text_layer_set_background_color
                0x0000000000000c94        0xc /usr/local/Cellar/pebble-sdk/3.2/Pebble/aplite/lib/libpebble.a(tmp124RGvpebble.o)
                0x0000000000000c94                text_layer_set_background_color
 .text.text_layer_set_text
                0x0000000000000ca0        0xc /usr/local/Cellar/pebble-sdk/3.2/Pebble/aplite/lib/libpebble.a(tmp124RGvpebble.o)
                0x0000000000000ca0                text_layer_set_text
 .text.text_layer_set_text_alignment
                0x0000000000000cac        0xc /usr/local/Cellar/pebble-sdk/3.2/Pebble/aplite/lib/libpebble.a(tmp124RGvpebble.o)
                0x0000000000000cac                text_layer_set_text_alignment
 .text.text_layer_set_text_color
                0x0000000000000cb8        0xc /usr/local/Cellar/pebble-sdk/3.2/Pebble/aplite/lib/libpebble.a(tmp124RGvpebble.o)
                0x0000000000000cb8                text_layer_set_text_color
 .text.window_create
                0x0000000000000cc4        0xc /usr/local/Cellar/pebble-sdk/3.2/Pebble/aplite/lib/libpebble.a(tmp124RGvpebble.o)
                0x0000000000000cc4                window_create
 .text.window_destroy
                0x0000000000000cd0        0xc /usr/local/Cellar/pebble-sdk/3.2/Pebble/aplite/lib/libpebble.a(tmp124RGvpebble.o)
                0x0000000000000cd0                window_destroy
 .text.window_get_root_layer
                0x0000000000000cdc        0xc /usr/local/Cellar/pebble-sdk/3.2/Pebble/aplite/lib/libpebble.a(tmp124RGvpebble.o)
                0x0000000000000cdc                window_get_root_layer
 .text.window_set_window_handlers
                0x0000000000000ce8        0xc /usr/local/Cellar/pebble-sdk/3.2/Pebble/aplite/lib/libpebble.a(tmp124RGvpebble.o)
                0x0000000000000ce8                window_set_window_handlers
 .text.window_stack_push
                0x0000000000000cf4        0xc /usr/local/Cellar/pebble-sdk/3.2/Pebble/aplite/lib/libpebble.a(tmp124RGvpebble.o)
                0x0000000000000cf4                window_stack_push
 .text.app_message_outbox_begin
                0x0000000000000d00        0xc /usr/local/Cellar/pebble-sdk/3.2/Pebble/aplite/lib/libpebble.a(tmp124RGvpebble.o)
                0x0000000000000d00                app_message_outbox_begin
 .text.app_message_outbox_send
                0x0000000000000d0c        0xc /usr/local/Cellar/pebble-sdk/3.2/Pebble/aplite/lib/libpebble.a(tmp124RGvpebble.o)
                0x0000000000000d0c                app_message_outbox_send
 .text.app_message_register_inbox_received
                0x0000000000000d18        0xc /usr/local/Cellar/pebble-sdk/3.2/Pebble/aplite/lib/libpebble.a(tmp124RGvpebble.o)
                0x0000000000000d18                app_message_register_inbox_received
 .text.menu_layer_set_callbacks
                0x0000000000000d24        0xc /usr/local/Cellar/pebble-sdk/3.2/Pebble/aplite/lib/libpebble.a(tmp124RGvpebble.o)
                0x0000000000000d24                menu_layer_set_callbacks
 .text.heap_bytes_free
                0x0000000000000d30        0xc /usr/local/Cellar/pebble-sdk/3.2/Pebble/aplite/lib/libpebble.a(tmp124RGvpebble.o)
                0x0000000000000d30                heap_bytes_free
 *(.rodata)
 .rodata        0x0000000000000d3c        0x8 src/category_window.c.24.o
 .rodata        0x0000000000000d44       0x58 src/craft.c.24.o
 .rodata        0x0000000000000d9c        0x8 src/main.c.24.o
 *(.rodata*)
 .rodata.str1.1
                0x0000000000000da4       0x25 src/category_window.c.24.o
                                         0x28 (size before relaxing)
 .rodata.str1.1
                0x0000000000000dc9       0xb6 src/main.c.24.o

.glue_7         0x0000000000000e80        0x0
 .glue_7        0x0000000000000000        0x0 linker stubs

.glue_7t        0x0000000000000e80        0x0
 .glue_7t       0x0000000000000000        0x0 linker stubs

.vfp11_veneer   0x0000000000000e80        0x0
 .vfp11_veneer  0x0000000000000000        0x0 linker stubs

.v4_bx          0x0000000000000e80        0x0
 .v4_bx         0x0000000000000000        0x0 linker stubs

.iplt           0x0000000000000e80        0x0
 .iplt          0x0000000000000000        0x0 /usr/local/Cellar/pebble-toolchain/2.0/arm-cs-tools/bin/../lib/gcc/arm-none-eabi/4.7.2/thumb2/crtbegin.o

.rel.dyn        0x0000000000000e80        0x0
 .rel.iplt      0x0000000000000000        0x0 /usr/local/Cellar/pebble-toolchain/2.0/arm-cs-tools/bin/../lib/gcc/arm-none-eabi/4.7.2/thumb2/crtbegin.o
 .rel.got       0x0000000000000000        0x0 /usr/local/Cellar/pebble-toolchain/2.0/arm-cs-tools/bin/../lib/gcc/arm-none-eabi/4.7.2/thumb2/crtbegin.o

.data           0x0000000000000e80        0x4
 *(.data)
 .data          0x0000000000000e80        0x0 /usr/local/Cellar/pebble-toolchain/2.0/arm-cs-tools/bin/../lib/gcc/arm-none-eabi/4.7.2/thumb2/crti.o
 .data          0x0000000000000e80        0x4 /usr/local/Cellar/pebble-toolchain/2.0/arm-cs-tools/bin/../lib/gcc/arm-none-eabi/4.7.2/thumb2/crtbegin.o
                0x0000000000000e80                __dso_handle
 .data          0x0000000000000e84        0x0 src/category_window.c.24.o
 .data          0x0000000000000e84        0x0 src/craft.c.24.o
 .data          0x0000000000000e84        0x0 src/main.c.24.o
 .data          0x0000000000000e84        0x0 aplite/appinfo.auto.c.24.o
 .data          0x0000000000000e84        0x0 /usr/local/Cellar/pebble-sdk/3.2/Pebble/aplite/lib/libpebble.a(tmp124RGvpebble.o)
 .data          0x0000000000000e84        0x0 /usr/local/Cellar/pebble-toolchain/2.0/arm-cs-tools/bin/../lib/gcc/arm-none-eabi/4.7.2/thumb2/crtend.o
 .data          0x0000000000000e84        0x0 /usr/local/Cellar/pebble-toolchain/2.0/arm-cs-tools/bin/../lib/gcc/arm-none-eabi/4.7.2/thumb2/crtn.o
 *(.data.*)

.igot.plt       0x0000000000000e84        0x0
 .igot.plt      0x0000000000000000        0x0 /usr/local/Cellar/pebble-toolchain/2.0/arm-cs-tools/bin/../lib/gcc/arm-none-eabi/4.7.2/thumb2/crtbegin.o

.got            0x0000000000000e84       0x38
 .got           0x0000000000000e84       0x38 /usr/local/Cellar/pebble-toolchain/2.0/arm-cs-tools/bin/../lib/gcc/arm-none-eabi/4.7.2/thumb2/crtbegin.o

.got.plt        0x0000000000000ebc        0xc
 .got.plt       0x0000000000000ebc        0xc /usr/local/Cellar/pebble-toolchain/2.0/arm-cs-tools/bin/../lib/gcc/arm-none-eabi/4.7.2/thumb2/crtbegin.o
                0x0000000000000ebc                _GLOBAL_OFFSET_TABLE_

.bss            0x0000000000000ec8     0x2a2a
 *(.bss)
 *(.bss.*)
 .bss.category_window
                0x0000000000000ec8        0x4 src/category_window.c.24.o
 .bss.category_menu_layer
                0x0000000000000ecc        0x4 src/category_window.c.24.o
 .bss.category_stack_count
                0x0000000000000ed0        0x4 src/category_window.c.24.o
                0x0000000000000ed0                category_stack_count
 .bss.category_section
                0x0000000000000ed4        0x4 src/category_window.c.24.o
                0x0000000000000ed4                category_section
 .bss.craft_font
                0x0000000000000ed8        0x4 src/craft.c.24.o
 .bss.crafting_table
                0x0000000000000edc        0x4 src/craft.c.24.o
 .bss.background_bitmap
                0x0000000000000ee0        0x4 src/craft.c.24.o
 .bss.menu_layer
                0x0000000000000ee4        0x4 src/main.c.24.o
 .bss.window    0x0000000000000ee8        0x4 src/main.c.24.o
 COMMON         0x0000000000000eec     0x283c src/category_window.c.24.o
                0x0000000000000eec                category_recipes
 COMMON         0x0000000000003728       0xfc src/craft.c.24.o
                0x0000000000003728                b2
                0x000000000000372c                c2
                0x0000000000003730                b1
                0x0000000000003734                a1
                0x0000000000003738                a3
                0x000000000000373c                craft_recipe
                0x000000000000380c                c1
                0x0000000000003810                a2
                0x0000000000003814                key
                0x0000000000003818                b3
                0x000000000000381c                c3
                0x0000000000003820                craft_window
 COMMON         0x0000000000003824       0xce src/main.c.24.o
                0x0000000000003824                current_recipe

DISCARD
 libc.a(*)
 libm.a(*)
 libgcc.a(*)
 *(.eh_frame)
OUTPUT(/Users/edwinfinch/pebble-projects/WatchCraft-master/build/aplite/pebble-app.elf elf32-littlearm)

.ARM.attributes
                0x0000000000000000       0x27
 .ARM.attributes
                0x0000000000000000       0x19 /usr/local/Cellar/pebble-toolchain/2.0/arm-cs-tools/bin/../lib/gcc/arm-none-eabi/4.7.2/thumb2/crti.o
 .ARM.attributes
                0x0000000000000019       0x29 /usr/local/Cellar/pebble-toolchain/2.0/arm-cs-tools/bin/../lib/gcc/arm-none-eabi/4.7.2/thumb2/crtbegin.o
 .ARM.attributes
                0x0000000000000042       0x33 src/category_window.c.24.o
 .ARM.attributes
                0x0000000000000075       0x33 src/craft.c.24.o
 .ARM.attributes
                0x00000000000000a8       0x33 src/main.c.24.o
 .ARM.attributes
                0x00000000000000db       0x33 aplite/appinfo.auto.c.24.o
 .ARM.attributes
                0x000000000000010e       0x21 /usr/local/Cellar/pebble-sdk/3.2/Pebble/aplite/lib/libpebble.a(tmp124RGvpebble.o)
 .ARM.attributes
                0x000000000000012f       0x29 /usr/local/Cellar/pebble-toolchain/2.0/arm-cs-tools/bin/../lib/gcc/arm-none-eabi/4.7.2/thumb2/crtend.o
 .ARM.attributes
                0x0000000000000158       0x19 /usr/local/Cellar/pebble-toolchain/2.0/arm-cs-tools/bin/../lib/gcc/arm-none-eabi/4.7.2/thumb2/crtn.o

.comment        0x0000000000000000       0x4e
 .comment       0x0000000000000000       0x4e /usr/local/Cellar/pebble-toolchain/2.0/arm-cs-tools/bin/../lib/gcc/arm-none-eabi/4.7.2/thumb2/crtbegin.o
                                         0x4f (size before relaxing)
 .comment       0x0000000000000000       0x4f src/category_window.c.24.o
 .comment       0x0000000000000000       0x4f src/craft.c.24.o
 .comment       0x0000000000000000       0x4f src/main.c.24.o
 .comment       0x0000000000000000       0x4f aplite/appinfo.auto.c.24.o
 .comment       0x0000000000000000       0x4f /usr/local/Cellar/pebble-toolchain/2.0/arm-cs-tools/bin/../lib/gcc/arm-none-eabi/4.7.2/thumb2/crtend.o

.debug_info     0x0000000000000000     0x30b7
 .debug_info    0x0000000000000000      0xfc3 src/category_window.c.24.o
 .debug_info    0x0000000000000fc3      0xdf1 src/craft.c.24.o
 .debug_info    0x0000000000001db4      0xfe9 src/main.c.24.o
 .debug_info    0x0000000000002d9d      0x31a aplite/appinfo.auto.c.24.o

.debug_abbrev   0x0000000000000000      0xa16
 .debug_abbrev  0x0000000000000000      0x336 src/category_window.c.24.o
 .debug_abbrev  0x0000000000000336      0x2b1 src/craft.c.24.o
 .debug_abbrev  0x00000000000005e7      0x391 src/main.c.24.o
 .debug_abbrev  0x0000000000000978       0x9e aplite/appinfo.auto.c.24.o

.debug_loc      0x0000000000000000      0x627
 .debug_loc     0x0000000000000000      0x262 src/category_window.c.24.o
 .debug_loc     0x0000000000000262       0xe7 src/craft.c.24.o
 .debug_loc     0x0000000000000349      0x2de src/main.c.24.o

.debug_aranges  0x0000000000000000      0x128
 .debug_aranges
                0x0000000000000000       0x70 src/category_window.c.24.o
 .debug_aranges
                0x0000000000000070       0x48 src/craft.c.24.o
 .debug_aranges
                0x00000000000000b8       0x58 src/main.c.24.o
 .debug_aranges
                0x0000000000000110       0x18 aplite/appinfo.auto.c.24.o

.debug_ranges   0x0000000000000000       0xf8
 .debug_ranges  0x0000000000000000       0x60 src/category_window.c.24.o
 .debug_ranges  0x0000000000000060       0x38 src/craft.c.24.o
 .debug_ranges  0x0000000000000098       0x60 src/main.c.24.o

.debug_line     0x0000000000000000      0x804
 .debug_line    0x0000000000000000      0x27b src/category_window.c.24.o
 .debug_line    0x000000000000027b      0x24b src/craft.c.24.o
 .debug_line    0x00000000000004c6      0x211 src/main.c.24.o
 .debug_line    0x00000000000006d7      0x12d aplite/appinfo.auto.c.24.o

.debug_str      0x0000000000000000      0xe7f
 .debug_str     0x0000000000000000      0x981 src/category_window.c.24.o
                                        0xa69 (size before relaxing)
 .debug_str     0x0000000000000981      0x2e7 src/craft.c.24.o
                                        0x57b (size before relaxing)
 .debug_str     0x0000000000000c68       0xbe src/main.c.24.o
                                        0x996 (size before relaxing)
 .debug_str     0x0000000000000d26      0x159 aplite/appinfo.auto.c.24.o
                                        0x2e3 (size before relaxing)

.debug_frame    0x0000000000000000      0x2bc
 .debug_frame   0x0000000000000000      0x124 src/category_window.c.24.o
 .debug_frame   0x0000000000000124       0xa4 src/craft.c.24.o
 .debug_frame   0x00000000000001c8       0xf4 src/main.c.24.o
